// Jest Snapshot v1, https://goo.gl/fbAQLP

exports[`MiniSidebar test cases should render correctly 1`] = `
<div>
  <div
    class="css-1hrbm4s"
  >
    <div
      class="css-150u52e"
    >
      <a
        class="css-1owjrhv"
        href="/"
      >
        <img
          alt="Technician"
          data-nimg="1"
          decoding="async"
          height="38"
          loading="lazy"
          src="/images/technician.svg"
          style="color: transparent;"
          width="37"
        />
        <div
          class="css-0"
        >
          <p
            class="chakra-text css-p3xeyl"
          >
            Technician
          </p>
          <p
            class="chakra-text css-1o9nuri"
          >
            At Home
          </p>
        </div>
      </a>
      <button
        aria-label="Icon Toggle Menu"
        class="chakra-button css-4xx2wk"
        type="button"
      >
        <svg
          class="chakra-icon css-onkibi"
          focusable="false"
          viewBox="0 0 24 24"
        >
          <path
            d="M 3 5 A 1.0001 1.0001 0 1 0 3 7 L 21 7 A 1.0001 1.0001 0 1 0 21 5 L 3 5 z M 3 11 A 1.0001 1.0001 0 1 0 3 13 L 21 13 A 1.0001 1.0001 0 1 0 21 11 L 3 11 z M 3 17 A 1.0001 1.0001 0 1 0 3 19 L 21 19 A 1.0001 1.0001 0 1 0 21 17 L 3 17 z"
            fill="currentColor"
          />
        </svg>
      </button>
    </div>
  </div>
</div>
`;
