// Jest Snapshot v1, https://goo.gl/fbAQLP

exports[`Categories test cases should render correctly 1`] = `
<div>
  <div
    class="css-1j52cd2"
    role="list"
  >
    <a
      class="chakra-link css-mis0aa"
      href="#"
    >
      <p
        class="chakra-text css-1kmnq3w"
      >
        Sofa Cleaning
      </p>
    </a>
    <a
      class="chakra-link css-kysffd"
      href="#"
    >
      <p
        class="chakra-text css-1kmnq3w"
      >
        Bathroom
      </p>
    </a>
    <a
      class="chakra-link css-f8l8lm"
      href="#"
    >
      <p
        class="chakra-text css-1kmnq3w"
      >
        Best Control
      </p>
    </a>
    <a
      class="chakra-link css-11nnblt"
      href="#"
    >
      <p
        class="chakra-text css-1kmnq3w"
      >
        View All
      </p>
    </a>
  </div>
</div>
`;
