// Jest Snapshot v1, https://goo.gl/fbAQLP

exports[`IconButton test cases should render correctly 1`] = `
<div>
  <div
    class="css-1ve4u7y"
    data-testid="icon-button-component"
  >
    <div
      class="css-u3hjaz"
    />
    <button
      aria-label="Notifications"
      class="chakra-button css-p7mkev"
      data-testid="icon-button"
      type="button"
    />
  </div>
</div>
`;

exports[`IconButton test cases should render with isActivated true 1`] = `
<div>
  <div
    class="css-1ve4u7y"
    data-testid="icon-button-component"
  >
    <div
      class="css-enz800"
    />
    <button
      aria-label="Notifications"
      class="chakra-button css-p7mkev"
      data-testid="icon-button"
      type="button"
    />
  </div>
</div>
`;
