// Jest Snapshot v1, https://goo.gl/fbAQLP

exports[`ServiceCard test cases should render correctly 1`] = `
<div>
  <a
    class="chakra-link css-qwh07e"
    href="#"
  >
    <div
      class="css-1g4yje1"
      justify-content="flex-end"
    >
      <div
        class="css-17xejub"
      />
      <p
        class="chakra-text css-od0eia"
      >
        Carpenter
      </p>
      <p
        class="chakra-text css-18bew60"
      >
        â‚¬45
      </p>
    </div>
  </a>
</div>
`;
